// Jest Snapshot v1, https://goo.gl/fbAQLP

exports[`<Line/> Should match snapshot 1`] = `
<div
  class="sc-bdVaJa fhAnNi"
  style="font-weight: 900;"
>
  Line
</div>
`;
